---
source: src/recipe/parser/about.rs
expression: err
---
  × Parsing: failed to parse SPDX license: invalid character(s)
   ╭─[6:1]
 6 │         about:
 7 │             license: MIT/X derivate
   ·                      ───────┬──────
   ·                             ╰── here
 8 │         
   ╰────

